// Vitest Snapshot v1, https://vitest.dev/guide/snapshot.html

exports[`EmptyPoolsModule > matches base snapshot 1`] = `
<DocumentFragment>
  <span
    class=""
    style="display: contents;"
  >
    <div
      class="_pt-_sm_t-space-spa94665593 _display-flex _flexBasis-auto _boxSizing-border-box _position-relative _minHeight-0px _minWidth-0px _flexShrink-0 _flexDirection-column _alignItems-center _justifyContent-center _height-10037 _width-10037 _pl-t-space-spa1360334018 _pr-t-space-spa1360334018"
    >
      <svg
        fill="none"
        height="115"
        stroke-width="8"
        style="width: 115px; height: 115px; color: currentColor;"
        viewBox="0 0 115 115"
        width="115"
      >
        <path
          clip-rule="evenodd"
          d="M58.48 17C70.6302 17 80.48 26.8497 80.48 39C80.48 51.1503 70.6302 61 58.48 61C46.3297 61 36.48 51.1503 36.48 39C36.48 26.8497 46.3297 17 58.48 17ZM50.23 39L58.48 47.25L66.73 39L58.48 30.75L50.23 39Z"
          fill="currentColor"
          fill-rule="evenodd"
        />
        <path
          d="M20 80.1986C30.4105 80.1986 38.2173 70.0581 38.2173 70.0581C38.2173 70.0581 46.0241 80.1986 56.4346 80.1986C66.8409 80.1986 77.2514 70.0581 77.2514 70.0581C77.2514 70.0581 87.6619 80.1986 95.4687 80.1986M20 99.2504C30.4105 99.2504 38.2173 89.1099 38.2173 89.1099C38.2173 89.1099 46.0241 99.2504 56.4346 99.2504C66.8409 99.2504 77.2514 89.1099 77.2514 89.1099C77.2514 89.1099 87.6619 99.2504 95.4687 99.2504"
          opacity="0.5"
          stroke="currentColor"
          stroke-linecap="round"
          stroke-linejoin="round"
          stroke-width="5"
        />
      </svg>
      <span
        class="font_subHeading _display-inline _boxSizing-border-box _whiteSpace-pre-wrap _mt-t-space-spa1360334080 _mr-0px _mb-0px _ml-0px _color-neutral1 _fontFamily-f-family _wordWrap-break-word _fontSize-f-size-larg101 _lineHeight-f-lineHeigh1262266530 _fontWeight-f-weight-bo3548 _textAlign-center"
        data-disable-theme="true"
      >
        No pools yet
      </span>
      <span
        class="font_body _textWrap-_platformweb_pretty _display-inline _boxSizing-border-box _whiteSpace-pre-wrap _mt-t-space-spa94665593 _mr-0px _mb-0px _ml-0px _color-neutral2 _fontFamily-f-family _wordWrap-break-word _fontSize-f-size-medi3736 _lineHeight-f-lineHeigh507465454 _fontWeight-f-weight-bo3548 _textAlign-center"
        data-disable-theme="true"
      >
        Open a new position or create a pool to get started.
      </span>
      <div
        class="_display-flex _alignItems-stretch _flexBasis-auto _boxSizing-border-box _position-relative _minHeight-0px _minWidth-0px _flexShrink-0 _flexDirection-row _mt-t-space-spa1360334051"
      >
        <button
          class="is_Button _containerType-_platformweb_normal _outlineWidth-0focus-visible-1px _outlineOffset-0focus-visible-2px _outlineStyle-0focus-visible-solid _transform-0focus-visible-scaleX0--98sc575196563 _backgroundColor-0hover-accent1Hove112785 _backgroundColor-0focus-visible-accent1Hove112785 _outlineColor-0focus-visible-accent1Hove112785 _transform-0active-scale0--981281 _backgroundColor-0active-accent1Hove112785 _display-flex _flexBasis-0px _boxSizing-border-box _position-relative _minHeight-0px _minWidth-0px _flexShrink-1 _flexDirection-row _borderTopWidth-1px _borderRightWidth-1px _borderBottomWidth-1px _borderLeftWidth-1px _alignItems-center _justifyContent-center _backgroundColor-accent1 _borderTopColor-borderColor _borderRightColor-borderColor _borderBottomColor-borderColor _borderLeftColor-borderColor _cursor-pointer _height-auto _alignSelf-stretch _flexGrow-1 _pr-t-space-spa1360334080 _pl-t-space-spa1360334080 _pt-t-space-spa94665593 _pb-t-space-spa94665593 _borderTopLeftRadius-t-radius-ro291586453 _borderTopRightRadius-t-radius-ro291586453 _borderBottomRightRadius-t-radius-ro291586453 _borderBottomLeftRadius-t-radius-ro291586453 _gap-t-space-spa94665593 _borderBottomStyle-solid _borderTopStyle-solid _borderLeftStyle-solid _borderRightStyle-solid t_group_item"
          dd-action-name="+ New position"
        >
          <span
            class="font_button _display-inline _boxSizing-border-box _wordWrap-break-word _whiteSpace-nowrap _mt-0px _mr-0px _mb-0px _ml-0px _color-white _fontFamily-f-family _maxWidth-10037 _overflowX-hidden _overflowY-hidden _textOverflow-ellipsis _textAlign-center _fontSize-f-size-smal108 _fontWeight-f-weight-me3083741 _lineHeight-f-lineHeigh1269072494"
            line-height-disabled="false"
          >
            + New position
          </span>
        </button>
      </div>
    </div>
    <div
      style="display: contents;"
    />
  </span>
</DocumentFragment>
`;
