// Vitest Snapshot v1, https://vitest.dev/guide/snapshot.html

exports[`ConfirmSwapModal/Head > should render correctly for a Limit order 1`] = `
<DocumentFragment>
  <span
    class=""
    style="display: contents;"
  >
    <div
      class="_display-flex _flexBasis-auto _boxSizing-border-box _position-relative _minHeight-0px _minWidth-0px _flexShrink-0 _flexDirection-row _justifyContent-space-betwe3241 _alignItems-center _gap-t-space-spa94665589 _width-10037"
    >
      <div
        class="_display-flex _alignItems-stretch _flexBasis-auto _boxSizing-border-box _position-relative _minHeight-0px _minWidth-0px _flexShrink-0 _flexDirection-column"
      >
        <span
          class="font_body _display-inline _boxSizing-border-box _whiteSpace-pre-wrap _mt-0px _mr-0px _mb-0px _ml-0px _color-neutral1 _fontFamily-f-family _wordWrap-break-word _fontSize-f-size-medi3736 _lineHeight-f-lineHeigh507465454 _fontWeight-f-weight-bo3548"
          data-disable-theme="true"
        >
          Review limit
        </span>
      </div>
      <div
        class="_display-flex _flexBasis-auto _boxSizing-border-box _position-relative _minHeight-0px _minWidth-0px _flexShrink-1 _flexDirection-row _flexGrow-1 _justifyContent-flex-end _alignItems-center _gap-t-space-spa1360334080"
      >
        <a
          href="https://support.uniswap.org/hc/en-us"
          style="text-decoration: none;"
          target="_blank"
        >
          <div
            class="_backgroundColor-0hover-surface2Hov3121676 _width-_platformweb_fit-content _display-flex _flexBasis-auto _boxSizing-border-box _position-relative _minHeight-0px _minWidth-0px _flexShrink-0 _flexDirection-row _width-max-content _borderTopLeftRadius-t-radius-ro291586449 _borderTopRightRadius-t-radius-ro291586449 _borderBottomRightRadius-t-radius-ro291586449 _borderBottomLeftRadius-t-radius-ro291586449 _pr-t-space-spa94665593 _pl-t-space-spa94665593 _pt-t-space-spa94665589 _pb-t-space-spa94665589 _backgroundColor-surface2 _gap-t-space-spa94665589 _alignItems-center"
          >
            <svg
              stroke-width="8"
              style="width: 16px; height: 16px; color: rgba(19, 19, 19, 0.63);"
              viewBox="0 0 16 16"
            >
              <path
                d="M11.3063 8.66675C11.713 8.66675 12.053 8.77342 12.333 8.94008C12.5623 8.80608 12.833 8.70942 13.1463 8.67742C13.2503 8.66675 13.333 8.58609 13.333 8.48209V4.66675C13.333 3.33341 12.6663 2.66675 11.333 2.66675H3.33301C1.99967 2.66675 1.33301 3.33341 1.33301 4.66675V10.6667C1.33301 12.0001 1.99967 12.6667 3.33301 12.6667H9.06641C9.25107 12.6667 9.29972 12.5021 9.26172 12.4161C9.17305 12.2127 9.1064 11.9967 9.05973 11.7667C8.89307 10.8934 9.07306 10.0601 9.55306 9.46675C9.97306 8.95341 10.593 8.66675 11.3063 8.66675ZM8.01904 8.11941C7.81371 8.26875 7.57301 8.34341 7.33301 8.34341C7.09301 8.34341 6.85164 8.26874 6.64697 8.12008L3.3724 5.73808C3.14906 5.57608 3.0997 5.26275 3.26237 5.03942C3.42437 4.81742 3.7356 4.76608 3.96094 4.92941L7.23568 7.31075C7.29434 7.35275 7.37232 7.35342 7.43099 7.31075L10.7057 4.92941C10.9304 4.76608 11.2423 4.81675 11.4043 5.03942C11.567 5.26275 11.5176 5.57541 11.2943 5.73808L8.01904 8.11941ZM14.625 11.5694C14.321 13.1114 12.3356 14.0001 12.3356 14.0001C12.3356 14.0001 10.3504 13.1121 10.0464 11.5694C9.85972 10.6234 10.2677 9.67141 11.3044 9.66675C12.0764 9.66341 12.3356 10.4288 12.3356 10.4288C12.3356 10.4288 12.595 9.66341 13.367 9.66675C14.4064 9.67141 14.8117 10.6234 14.625 11.5694Z"
                fill="currentColor"
              />
            </svg>
            <span
              class="font_body _display-inline _boxSizing-border-box _whiteSpace-pre-wrap _mt-0px _mr-0px _mb-0px _ml-0px _color-neutral2 _fontFamily-f-family _wordWrap-break-word _fontSize-f-size-medi3736 _lineHeight-f-lineHeigh507465454 _fontWeight-f-weight-bo3548"
              data-disable-theme="true"
            >
              Get help
            </span>
          </div>
        </a>
        <div
          class="is_TouchableArea _transform-0active-scale11281 _opacity-0active-0--75 _containerType-_platformweb_normal _transform-0focus-visible-scaleX0--98sc535634366 _outlineWidth-0focus-visible-1px _outlineOffset-0focus-visible-1px _outlineStyle-0focus-visible-solid _outlineColor-0focus-visible-neutral3 _display-flex _alignItems-stretch _flexBasis-auto _boxSizing-border-box _position-relative _minHeight-0px _minWidth-0px _flexShrink-0 _flexDirection-column _borderTopLeftRadius-t-radius-ro291586453 _borderTopRightRadius-t-radius-ro291586453 _borderBottomRightRadius-t-radius-ro291586453 _borderBottomLeftRadius-t-radius-ro291586453 _backgroundColor-transparent _cursor-pointer t_group_true"
          data-testid="confirmation-close-icon"
          role="none"
        >
          <div
            class="_display-flex _alignItems-stretch _flexDirection-column _flexBasis-auto _boxSizing-border-box _position-relative _minHeight-0px _minWidth-0px _flexShrink-0"
          >
            <svg
              fill="none"
              stroke-width="8"
              style="width: 24px; height: 24px; color: rgba(19, 19, 19, 0.63);"
              viewBox="0 0 16 16"
            >
              <path
                d="M12.5303 4.53033C12.8232 4.23744 12.8232 3.76256 12.5303 3.46967C12.2374 3.17678 11.7626 3.17678 11.4697 3.46967L12.5303 4.53033ZM3.46967 11.4697C3.17678 11.7626 3.17678 12.2374 3.46967 12.5303C3.76256 12.8232 4.23744 12.8232 4.53033 12.5303L3.46967 11.4697ZM4.53033 3.46967C4.23744 3.17678 3.76256 3.17678 3.46967 3.46967C3.17678 3.76256 3.17678 4.23744 3.46967 4.53033L4.53033 3.46967ZM11.4697 12.5303C11.7626 12.8232 12.2374 12.8232 12.5303 12.5303C12.8232 12.2374 12.8232 11.7626 12.5303 11.4697L11.4697 12.5303ZM11.4697 3.46967L3.46967 11.4697L4.53033 12.5303L12.5303 4.53033L11.4697 3.46967ZM3.46967 4.53033L11.4697 12.5303L12.5303 11.4697L4.53033 3.46967L3.46967 4.53033Z"
                fill="currentColor"
              />
            </svg>
          </div>
        </div>
      </div>
    </div>
    <div
      style="display: contents;"
    />
  </span>
</DocumentFragment>
`;

exports[`ConfirmSwapModal/Head > should render correctly for a classic swap 1`] = `
<DocumentFragment>
  <span
    class=""
    style="display: contents;"
  >
    <div
      class="_display-flex _flexBasis-auto _boxSizing-border-box _position-relative _minHeight-0px _minWidth-0px _flexShrink-0 _flexDirection-row _justifyContent-space-betwe3241 _alignItems-center _gap-t-space-spa94665589 _width-10037"
    >
      <div
        class="_display-flex _alignItems-stretch _flexBasis-auto _boxSizing-border-box _position-relative _minHeight-0px _minWidth-0px _flexShrink-0 _flexDirection-column"
      >
        <span
          class="font_body _display-inline _boxSizing-border-box _whiteSpace-pre-wrap _mt-0px _mr-0px _mb-0px _ml-0px _color-neutral1 _fontFamily-f-family _wordWrap-break-word _fontSize-f-size-medi3736 _lineHeight-f-lineHeigh507465454 _fontWeight-f-weight-bo3548"
          data-disable-theme="true"
        >
          Review swap
        </span>
      </div>
      <div
        class="_display-flex _flexBasis-auto _boxSizing-border-box _position-relative _minHeight-0px _minWidth-0px _flexShrink-1 _flexDirection-row _flexGrow-1 _justifyContent-flex-end _alignItems-center _gap-t-space-spa1360334080"
      >
        <a
          href="https://support.uniswap.org/hc/en-us"
          style="text-decoration: none;"
          target="_blank"
        >
          <div
            class="_backgroundColor-0hover-surface2Hov3121676 _width-_platformweb_fit-content _display-flex _flexBasis-auto _boxSizing-border-box _position-relative _minHeight-0px _minWidth-0px _flexShrink-0 _flexDirection-row _width-max-content _borderTopLeftRadius-t-radius-ro291586449 _borderTopRightRadius-t-radius-ro291586449 _borderBottomRightRadius-t-radius-ro291586449 _borderBottomLeftRadius-t-radius-ro291586449 _pr-t-space-spa94665593 _pl-t-space-spa94665593 _pt-t-space-spa94665589 _pb-t-space-spa94665589 _backgroundColor-surface2 _gap-t-space-spa94665589 _alignItems-center"
          >
            <svg
              stroke-width="8"
              style="width: 16px; height: 16px; color: rgba(19, 19, 19, 0.63);"
              viewBox="0 0 16 16"
            >
              <path
                d="M11.3063 8.66675C11.713 8.66675 12.053 8.77342 12.333 8.94008C12.5623 8.80608 12.833 8.70942 13.1463 8.67742C13.2503 8.66675 13.333 8.58609 13.333 8.48209V4.66675C13.333 3.33341 12.6663 2.66675 11.333 2.66675H3.33301C1.99967 2.66675 1.33301 3.33341 1.33301 4.66675V10.6667C1.33301 12.0001 1.99967 12.6667 3.33301 12.6667H9.06641C9.25107 12.6667 9.29972 12.5021 9.26172 12.4161C9.17305 12.2127 9.1064 11.9967 9.05973 11.7667C8.89307 10.8934 9.07306 10.0601 9.55306 9.46675C9.97306 8.95341 10.593 8.66675 11.3063 8.66675ZM8.01904 8.11941C7.81371 8.26875 7.57301 8.34341 7.33301 8.34341C7.09301 8.34341 6.85164 8.26874 6.64697 8.12008L3.3724 5.73808C3.14906 5.57608 3.0997 5.26275 3.26237 5.03942C3.42437 4.81742 3.7356 4.76608 3.96094 4.92941L7.23568 7.31075C7.29434 7.35275 7.37232 7.35342 7.43099 7.31075L10.7057 4.92941C10.9304 4.76608 11.2423 4.81675 11.4043 5.03942C11.567 5.26275 11.5176 5.57541 11.2943 5.73808L8.01904 8.11941ZM14.625 11.5694C14.321 13.1114 12.3356 14.0001 12.3356 14.0001C12.3356 14.0001 10.3504 13.1121 10.0464 11.5694C9.85972 10.6234 10.2677 9.67141 11.3044 9.66675C12.0764 9.66341 12.3356 10.4288 12.3356 10.4288C12.3356 10.4288 12.595 9.66341 13.367 9.66675C14.4064 9.67141 14.8117 10.6234 14.625 11.5694Z"
                fill="currentColor"
              />
            </svg>
            <span
              class="font_body _display-inline _boxSizing-border-box _whiteSpace-pre-wrap _mt-0px _mr-0px _mb-0px _ml-0px _color-neutral2 _fontFamily-f-family _wordWrap-break-word _fontSize-f-size-medi3736 _lineHeight-f-lineHeigh507465454 _fontWeight-f-weight-bo3548"
              data-disable-theme="true"
            >
              Get help
            </span>
          </div>
        </a>
        <div
          class="is_TouchableArea _transform-0active-scale11281 _opacity-0active-0--75 _containerType-_platformweb_normal _transform-0focus-visible-scaleX0--98sc535634366 _outlineWidth-0focus-visible-1px _outlineOffset-0focus-visible-1px _outlineStyle-0focus-visible-solid _outlineColor-0focus-visible-neutral3 _display-flex _alignItems-stretch _flexBasis-auto _boxSizing-border-box _position-relative _minHeight-0px _minWidth-0px _flexShrink-0 _flexDirection-column _borderTopLeftRadius-t-radius-ro291586453 _borderTopRightRadius-t-radius-ro291586453 _borderBottomRightRadius-t-radius-ro291586453 _borderBottomLeftRadius-t-radius-ro291586453 _backgroundColor-transparent _cursor-pointer t_group_true"
          data-testid="confirmation-close-icon"
          role="none"
        >
          <div
            class="_display-flex _alignItems-stretch _flexDirection-column _flexBasis-auto _boxSizing-border-box _position-relative _minHeight-0px _minWidth-0px _flexShrink-0"
          >
            <svg
              fill="none"
              stroke-width="8"
              style="width: 24px; height: 24px; color: rgba(19, 19, 19, 0.63);"
              viewBox="0 0 16 16"
            >
              <path
                d="M12.5303 4.53033C12.8232 4.23744 12.8232 3.76256 12.5303 3.46967C12.2374 3.17678 11.7626 3.17678 11.4697 3.46967L12.5303 4.53033ZM3.46967 11.4697C3.17678 11.7626 3.17678 12.2374 3.46967 12.5303C3.76256 12.8232 4.23744 12.8232 4.53033 12.5303L3.46967 11.4697ZM4.53033 3.46967C4.23744 3.17678 3.76256 3.17678 3.46967 3.46967C3.17678 3.76256 3.17678 4.23744 3.46967 4.53033L4.53033 3.46967ZM11.4697 12.5303C11.7626 12.8232 12.2374 12.8232 12.5303 12.5303C12.8232 12.2374 12.8232 11.7626 12.5303 11.4697L11.4697 12.5303ZM11.4697 3.46967L3.46967 11.4697L4.53033 12.5303L12.5303 4.53033L11.4697 3.46967ZM3.46967 4.53033L11.4697 12.5303L12.5303 11.4697L4.53033 3.46967L3.46967 4.53033Z"
                fill="currentColor"
              />
            </svg>
          </div>
        </div>
      </div>
    </div>
    <div
      style="display: contents;"
    />
  </span>
</DocumentFragment>
`;
