// Vitest Snapshot v1, https://vitest.dev/guide/snapshot.html

exports[`SendReviewModal > should render input in fiat correctly 1`] = `
.c0 {
  color: #131313;
  -webkit-letter-spacing: -0.01em;
  -moz-letter-spacing: -0.01em;
  -ms-letter-spacing: -0.01em;
  letter-spacing: -0.01em;
}

.c1 {
  color: rgba(19,19,19,0.63);
  -webkit-letter-spacing: -0.01em;
  -moz-letter-spacing: -0.01em;
  -ms-letter-spacing: -0.01em;
  letter-spacing: -0.01em;
}

<div
  class="_display-flex _alignItems-stretch _flexBasis-auto _boxSizing-border-box _position-relative _minHeight-0px _minWidth-0px _flexShrink-0 _flexDirection-column _width-10037 _gap-t-space-gap1573"
  data-testid="send-review-modal"
>
  <div
    class="_display-flex _alignItems-stretch _flexBasis-auto _boxSizing-border-box _position-relative _minHeight-0px _minWidth-0px _flexShrink-0 _flexDirection-column _gap-t-space-gap1602 _pr-t-space-spa1360334080 _pl-t-space-spa1360334080"
  >
    <div
      class="_display-flex _flexBasis-auto _boxSizing-border-box _position-relative _minHeight-0px _minWidth-0px _flexShrink-0 _flexDirection-row _justifyContent-space-betwe3241 _alignItems-center"
    >
      <div
        class="_display-flex _alignItems-stretch _flexBasis-auto _boxSizing-border-box _position-relative _minHeight-0px _minWidth-0px _flexShrink-0 _flexDirection-column _gap-t-space-gap52"
      >
        <div
          class="c0 css-15popx1"
        >
          $1,000.00
        </div>
        <div
          class="c1 css-1a4qi6e"
        >
          100.00 DAI
        </div>
      </div>
      <div
        class="_display-flex _alignItems-stretch _flexBasis-auto _boxSizing-border-box _position-relative _minHeight-0px _minWidth-0px _flexShrink-0 _flexDirection-column _height-36px"
      >
        <div
          class="_display-flex _flexBasis-auto _boxSizing-border-box _position-relative _minHeight-0px _minWidth-0px _flexShrink-0 _flexDirection-column _alignItems-center _top-0px _left-0px"
        >
          <div
            class="_display-flex _alignItems-stretch _flexBasis-auto _boxSizing-border-box _minHeight-0px _minWidth-0px _flexShrink-0 _flexDirection-column _position-relative"
          >
            <div
              class="_display-flex _flexBasis-auto _boxSizing-border-box _minHeight-0px _minWidth-0px _flexShrink-0 _flexDirection-column _alignItems-center _height-36px _justifyContent-center _pointerEvents-auto _width-36px _position-relative"
              data-testid="token-logo"
            >
              <div
                class="_display-flex _alignItems-stretch _flexBasis-auto _boxSizing-border-box _minHeight-0px _minWidth-0px _flexShrink-0 _flexDirection-column _opacity-0 _height-9637 _width-9637 _zIndex-0 _backgroundColor-FFFFFF35 _position-absolute _top-237 _left-237 _borderTopLeftRadius-18px _borderTopRightRadius-18px _borderBottomRightRadius-18px _borderBottomLeftRadius-18px"
              />
              <div
                class="_display-flex _alignItems-stretch _flexBasis-auto _boxSizing-border-box _position-relative _minHeight-0px _minWidth-0px _flexShrink-0 _flexDirection-column"
                data-testid="img-token-image"
              >
                <img
                  height="36"
                  src="https://raw.githubusercontent.com/Uniswap/assets/master/blockchains/ethereum/assets/0x6B175474E89094C44Da98b954EedeAC495271d0F/logo.png"
                  style="object-fit: contain; border-radius: 18px; z-index: 1;"
                  width="36"
                />
              </div>
            </div>
          </div>
        </div>
      </div>
    </div>
    <div
      class="_display-flex _flexBasis-auto _boxSizing-border-box _position-relative _minHeight-0px _minWidth-0px _flexShrink-0 _flexDirection-row _justifyContent-space-betwe3241 _alignItems-center"
    >
      <div
        class="_display-flex _alignItems-stretch _flexBasis-auto _boxSizing-border-box _position-relative _minHeight-0px _minWidth-0px _flexShrink-0 _flexDirection-column _gap-t-space-gap52"
      >
        <div
          class="c1 css-1a4qi6e"
        >
          To
        </div>
        <div
          class="c0 css-15popx1"
        >
          <div
            class="_display-flex _flexBasis-auto _boxSizing-border-box _position-relative _minHeight-0px _minWidth-0px _flexShrink-0 _flexDirection-row _gap-t-space-gap52 _alignItems-center"
          >
            <div
              class="c0 css-15popx1"
            >
              hayden.eth
            </div>
          </div>
        </div>
        <div
          class="c1 css-1a4qi6e"
        >
          0x9984...9103
        </div>
      </div>
      <div
        class="_display-flex _alignItems-stretch _flexBasis-auto _boxSizing-border-box _position-relative _minHeight-0px _minWidth-0px _flexShrink-0 _flexDirection-column _height-36px"
      >
        <div
          class="_display-flex _alignItems-stretch _flexBasis-auto _boxSizing-border-box _minHeight-0px _minWidth-0px _flexShrink-0 _flexDirection-column _backgroundColor-transparent _borderTopColor-transparent _borderRightColor-transparent _borderBottomColor-transparent _borderLeftColor-transparent _borderTopLeftRadius-t-radius-ro1041013639 _borderTopRightRadius-t-radius-ro1041013639 _borderBottomRightRadius-t-radius-ro1041013639 _borderBottomLeftRadius-t-radius-ro1041013639 _borderTopWidth-t-space-non101 _borderRightWidth-t-space-non101 _borderBottomWidth-t-space-non101 _borderLeftWidth-t-space-non101 _position-relative _width-36px _height-36px _borderBottomStyle-solid _borderTopStyle-solid _borderLeftStyle-solid _borderRightStyle-solid"
          data-testid="account-icon"
        >
          <div
            class="_opacity-0enter-0 _display-flex _alignItems-stretch _flexBasis-auto _boxSizing-border-box _position-relative _minHeight-0px _minWidth-0px _flexShrink-0 _flexDirection-column _opacity-1"
          >
            <span
              data-testid="unicon"
            >
              ðŸ”µ
            </span>
          </div>
        </div>
      </div>
    </div>
  </div>
  <div
    class="is_Separator _display-flex _alignItems-stretch _flexDirection-column _flexBasis-auto _boxSizing-border-box _position-relative _minHeight-0px _minWidth-0px _borderTopColor-surface3 _borderRightColor-surface3 _borderBottomColor-surface3 _borderLeftColor-surface3 _flexShrink-1 _borderTopWidth-0px _borderRightWidth-0px _borderBottomWidth-1px _borderLeftWidth-0px _flexGrow-1 _height-0px _maxHeight-0px _borderBottomStyle-solid _borderTopStyle-solid _borderLeftStyle-solid _borderRightStyle-solid"
  />
  <div
    class="_display-flex _flexBasis-auto _boxSizing-border-box _position-relative _minHeight-0px _minWidth-0px _flexShrink-0 _flexDirection-row _alignItems-center _width-10037 _justifyContent-space-betwe3241 _pr-t-space-spa1360334080 _pl-t-space-spa1360334080"
  >
    <div
      class="c1 css-1a4qi6e"
    >
      Network cost
    </div>
    <div
      class="_display-flex _flexBasis-auto _boxSizing-border-box _position-relative _minHeight-0px _minWidth-0px _flexShrink-0 _flexDirection-row _width-min-content _gap-t-space-gap52 _alignItems-center"
    >
      <img
        alt="Ethereum logo"
        aria-labelledby="titleID"
        height="16px"
        src="ethereum-logo.png"
        style="border-radius: 4px;"
        width="16px"
      />
      <div
        class="c0 css-142zc9n"
      >
        -
      </div>
    </div>
  </div>
  <div
    class="_display-flex _alignItems-stretch _flexBasis-auto _boxSizing-border-box _position-relative _minHeight-0px _minWidth-0px _flexShrink-0 _flexDirection-row _alignSelf-stretch"
  >
    <button
      class="is_Button _containerType-_platformweb_normal _outlineWidth-0focus-visible-1px _outlineOffset-0focus-visible-2px _outlineStyle-0focus-visible-solid _transform-0focus-visible-scaleX0--98sc575196563 _backgroundColor-0hover-accent1Hove112785 _backgroundColor-0focus-visible-accent1Hove112785 _outlineColor-0focus-visible-accent1Hove112785 _transform-0active-scale0--981281 _backgroundColor-0active-accent1Hove112785 _display-flex _flexBasis-0px _boxSizing-border-box _position-relative _minHeight-0px _minWidth-0px _flexShrink-1 _flexDirection-row _borderTopWidth-1px _borderRightWidth-1px _borderBottomWidth-1px _borderLeftWidth-1px _alignItems-center _justifyContent-center _backgroundColor-accent1 _borderTopColor-borderColor _borderRightColor-borderColor _borderBottomColor-borderColor _borderLeftColor-borderColor _cursor-pointer _height-auto _alignSelf-stretch _flexGrow-1 _pr-t-space-spa1360334051 _pl-t-space-spa1360334051 _pt-t-space-spa1360334076 _pb-t-space-spa1360334076 _borderTopLeftRadius-t-radius-ro291586424 _borderTopRightRadius-t-radius-ro291586424 _borderBottomRightRadius-t-radius-ro291586424 _borderBottomLeftRadius-t-radius-ro291586424 _gap-t-space-spa1360334080 _borderBottomStyle-solid _borderTopStyle-solid _borderLeftStyle-solid _borderRightStyle-solid t_group_item"
    >
      <span
        class="font_button _display-inline _boxSizing-border-box _wordWrap-break-word _whiteSpace-nowrap _mt-0px _mr-0px _mb-0px _ml-0px _color-white _fontFamily-f-family _maxWidth-10037 _overflowX-hidden _overflowY-hidden _textOverflow-ellipsis _textAlign-center _fontSize-f-size-larg101 _fontWeight-f-weight-me3083741 _lineHeight-f-lineHeigh1262266530"
        line-height-disabled="false"
      >
        Confirm send
      </span>
    </button>
  </div>
</div>
`;

exports[`SendReviewModal > should render input in token amount correctly 1`] = `
.c0 {
  color: #131313;
  -webkit-letter-spacing: -0.01em;
  -moz-letter-spacing: -0.01em;
  -ms-letter-spacing: -0.01em;
  letter-spacing: -0.01em;
}

.c1 {
  color: rgba(19,19,19,0.63);
  -webkit-letter-spacing: -0.01em;
  -moz-letter-spacing: -0.01em;
  -ms-letter-spacing: -0.01em;
  letter-spacing: -0.01em;
}

<div
  class="_display-flex _alignItems-stretch _flexBasis-auto _boxSizing-border-box _position-relative _minHeight-0px _minWidth-0px _flexShrink-0 _flexDirection-column _width-10037 _gap-t-space-gap1573"
  data-testid="send-review-modal"
>
  <div
    class="_display-flex _alignItems-stretch _flexBasis-auto _boxSizing-border-box _position-relative _minHeight-0px _minWidth-0px _flexShrink-0 _flexDirection-column _gap-t-space-gap1602 _pr-t-space-spa1360334080 _pl-t-space-spa1360334080"
  >
    <div
      class="_display-flex _flexBasis-auto _boxSizing-border-box _position-relative _minHeight-0px _minWidth-0px _flexShrink-0 _flexDirection-row _justifyContent-space-betwe3241 _alignItems-center"
    >
      <div
        class="_display-flex _alignItems-stretch _flexBasis-auto _boxSizing-border-box _position-relative _minHeight-0px _minWidth-0px _flexShrink-0 _flexDirection-column _gap-t-space-gap52"
      >
        <div
          class="c0 css-15popx1"
        >
          1.00 DAI
        </div>
        <div
          class="c1 css-1a4qi6e"
        >
          $100.00
        </div>
      </div>
      <div
        class="_display-flex _alignItems-stretch _flexBasis-auto _boxSizing-border-box _position-relative _minHeight-0px _minWidth-0px _flexShrink-0 _flexDirection-column _height-36px"
      >
        <div
          class="_display-flex _flexBasis-auto _boxSizing-border-box _position-relative _minHeight-0px _minWidth-0px _flexShrink-0 _flexDirection-column _alignItems-center _top-0px _left-0px"
        >
          <div
            class="_display-flex _alignItems-stretch _flexBasis-auto _boxSizing-border-box _minHeight-0px _minWidth-0px _flexShrink-0 _flexDirection-column _position-relative"
          >
            <div
              class="_display-flex _flexBasis-auto _boxSizing-border-box _minHeight-0px _minWidth-0px _flexShrink-0 _flexDirection-column _alignItems-center _height-36px _justifyContent-center _pointerEvents-auto _width-36px _position-relative"
              data-testid="token-logo"
            >
              <div
                class="_display-flex _alignItems-stretch _flexBasis-auto _boxSizing-border-box _minHeight-0px _minWidth-0px _flexShrink-0 _flexDirection-column _opacity-0 _height-9637 _width-9637 _zIndex-0 _backgroundColor-FFFFFF35 _position-absolute _top-237 _left-237 _borderTopLeftRadius-18px _borderTopRightRadius-18px _borderBottomRightRadius-18px _borderBottomLeftRadius-18px"
              />
              <div
                class="_display-flex _alignItems-stretch _flexBasis-auto _boxSizing-border-box _position-relative _minHeight-0px _minWidth-0px _flexShrink-0 _flexDirection-column"
                data-testid="img-token-image"
              >
                <img
                  height="36"
                  src="https://raw.githubusercontent.com/Uniswap/assets/master/blockchains/ethereum/assets/0x6B175474E89094C44Da98b954EedeAC495271d0F/logo.png"
                  style="object-fit: contain; border-radius: 18px; z-index: 1;"
                  width="36"
                />
              </div>
            </div>
          </div>
        </div>
      </div>
    </div>
    <div
      class="_display-flex _flexBasis-auto _boxSizing-border-box _position-relative _minHeight-0px _minWidth-0px _flexShrink-0 _flexDirection-row _justifyContent-space-betwe3241 _alignItems-center"
    >
      <div
        class="_display-flex _alignItems-stretch _flexBasis-auto _boxSizing-border-box _position-relative _minHeight-0px _minWidth-0px _flexShrink-0 _flexDirection-column _gap-t-space-gap52"
      >
        <div
          class="c1 css-1a4qi6e"
        >
          To
        </div>
        <div
          class="c0 css-15popx1"
        >
          <div
            class="_display-flex _flexBasis-auto _boxSizing-border-box _position-relative _minHeight-0px _minWidth-0px _flexShrink-0 _flexDirection-row _gap-t-space-gap52 _alignItems-center"
          >
            <div
              class="c0 css-15popx1"
            >
              hayden.eth
            </div>
          </div>
        </div>
        <div
          class="c1 css-1a4qi6e"
        >
          0x9984...9103
        </div>
      </div>
      <div
        class="_display-flex _alignItems-stretch _flexBasis-auto _boxSizing-border-box _position-relative _minHeight-0px _minWidth-0px _flexShrink-0 _flexDirection-column _height-36px"
      >
        <div
          class="_display-flex _alignItems-stretch _flexBasis-auto _boxSizing-border-box _minHeight-0px _minWidth-0px _flexShrink-0 _flexDirection-column _backgroundColor-transparent _borderTopColor-transparent _borderRightColor-transparent _borderBottomColor-transparent _borderLeftColor-transparent _borderTopLeftRadius-t-radius-ro1041013639 _borderTopRightRadius-t-radius-ro1041013639 _borderBottomRightRadius-t-radius-ro1041013639 _borderBottomLeftRadius-t-radius-ro1041013639 _borderTopWidth-t-space-non101 _borderRightWidth-t-space-non101 _borderBottomWidth-t-space-non101 _borderLeftWidth-t-space-non101 _position-relative _width-36px _height-36px _borderBottomStyle-solid _borderTopStyle-solid _borderLeftStyle-solid _borderRightStyle-solid"
          data-testid="account-icon"
        >
          <div
            class="_opacity-0enter-0 _display-flex _alignItems-stretch _flexBasis-auto _boxSizing-border-box _position-relative _minHeight-0px _minWidth-0px _flexShrink-0 _flexDirection-column _opacity-1"
          >
            <span
              data-testid="unicon"
            >
              ðŸ”µ
            </span>
          </div>
        </div>
      </div>
    </div>
  </div>
  <div
    class="is_Separator _display-flex _alignItems-stretch _flexDirection-column _flexBasis-auto _boxSizing-border-box _position-relative _minHeight-0px _minWidth-0px _borderTopColor-surface3 _borderRightColor-surface3 _borderBottomColor-surface3 _borderLeftColor-surface3 _flexShrink-1 _borderTopWidth-0px _borderRightWidth-0px _borderBottomWidth-1px _borderLeftWidth-0px _flexGrow-1 _height-0px _maxHeight-0px _borderBottomStyle-solid _borderTopStyle-solid _borderLeftStyle-solid _borderRightStyle-solid"
  />
  <div
    class="_display-flex _flexBasis-auto _boxSizing-border-box _position-relative _minHeight-0px _minWidth-0px _flexShrink-0 _flexDirection-row _alignItems-center _width-10037 _justifyContent-space-betwe3241 _pr-t-space-spa1360334080 _pl-t-space-spa1360334080"
  >
    <div
      class="c1 css-1a4qi6e"
    >
      Network cost
    </div>
    <div
      class="_display-flex _flexBasis-auto _boxSizing-border-box _position-relative _minHeight-0px _minWidth-0px _flexShrink-0 _flexDirection-row _width-min-content _gap-t-space-gap52 _alignItems-center"
    >
      <img
        alt="Ethereum logo"
        aria-labelledby="titleID"
        height="16px"
        src="ethereum-logo.png"
        style="border-radius: 4px;"
        width="16px"
      />
      <div
        class="c0 css-142zc9n"
      >
        -
      </div>
    </div>
  </div>
  <div
    class="_display-flex _alignItems-stretch _flexBasis-auto _boxSizing-border-box _position-relative _minHeight-0px _minWidth-0px _flexShrink-0 _flexDirection-row _alignSelf-stretch"
  >
    <button
      class="is_Button _containerType-_platformweb_normal _outlineWidth-0focus-visible-1px _outlineOffset-0focus-visible-2px _outlineStyle-0focus-visible-solid _transform-0focus-visible-scaleX0--98sc575196563 _backgroundColor-0hover-accent1Hove112785 _backgroundColor-0focus-visible-accent1Hove112785 _outlineColor-0focus-visible-accent1Hove112785 _transform-0active-scale0--981281 _backgroundColor-0active-accent1Hove112785 _display-flex _flexBasis-0px _boxSizing-border-box _position-relative _minHeight-0px _minWidth-0px _flexShrink-1 _flexDirection-row _borderTopWidth-1px _borderRightWidth-1px _borderBottomWidth-1px _borderLeftWidth-1px _alignItems-center _justifyContent-center _backgroundColor-accent1 _borderTopColor-borderColor _borderRightColor-borderColor _borderBottomColor-borderColor _borderLeftColor-borderColor _cursor-pointer _height-auto _alignSelf-stretch _flexGrow-1 _pr-t-space-spa1360334051 _pl-t-space-spa1360334051 _pt-t-space-spa1360334076 _pb-t-space-spa1360334076 _borderTopLeftRadius-t-radius-ro291586424 _borderTopRightRadius-t-radius-ro291586424 _borderBottomRightRadius-t-radius-ro291586424 _borderBottomLeftRadius-t-radius-ro291586424 _gap-t-space-spa1360334080 _borderBottomStyle-solid _borderTopStyle-solid _borderLeftStyle-solid _borderRightStyle-solid t_group_item"
    >
      <span
        class="font_button _display-inline _boxSizing-border-box _wordWrap-break-word _whiteSpace-nowrap _mt-0px _mr-0px _mb-0px _ml-0px _color-white _fontFamily-f-family _maxWidth-10037 _overflowX-hidden _overflowY-hidden _textOverflow-ellipsis _textAlign-center _fontSize-f-size-larg101 _fontWeight-f-weight-me3083741 _lineHeight-f-lineHeigh1262266530"
        line-height-disabled="false"
      >
        Confirm send
      </span>
    </button>
  </div>
</div>
`;
